error: unknown field `User`, expected `settings` or `kinds`
 --> tests/fixtures/invalid/invalid_syntax.rs:3:1
  |
3 | / impl_typed_uuid_kinds! {
4 | |     // this is not valid syntax at all
5 | |     User => "user",
6 | |     Organization => "org",
7 | | }
  | |_^
  |
  = note: this error originates in the macro `impl_typed_uuid_kinds` (in Nightly builds, run with -Z macro-backtrace for more info)
