error: expected anything but a ',', '=', or EOF, but found `,`
 --> tests/fixtures/invalid/missing_crate_value.rs:5:30
  |
5 |         newtype_uuid_crate = ,
  |                              ^
